Analysis & Synthesis report for sseg_keypad
Tue Sep 15 08:43:11 2020
Quartus II 64-Bit Version 13.0.1 Build 232 06/12/2013 Service Pack 1 SJ Web Edition


---------------------
; Table of Contents ;
---------------------
  1. Legal Notice
  2. Analysis & Synthesis Summary
  3. Analysis & Synthesis Settings
  4. Parallel Compilation
  5. Analysis & Synthesis Source Files Read
  6. Analysis & Synthesis Resource Usage Summary
  7. Analysis & Synthesis Resource Utilization by Entity
  8. User-Specified and Inferred Latches
  9. Registers Removed During Synthesis
 10. General Register Statistics
 11. Inverted Register Statistics
 12. Multiplexer Restructuring Statistics (Restructuring Performed)
 13. Port Connectivity Checks: "keypad:kp1"
 14. Elapsed Time Per Partition
 15. Analysis & Synthesis Messages



----------------
; Legal Notice ;
----------------
Copyright (C) 1991-2013 Altera Corporation
Your use of Altera Corporation's design tools, logic functions 
and other software and tools, and its AMPP partner logic 
functions, and any output files from any of the foregoing 
(including device programming or simulation files), and any 
associated documentation or information are expressly subject 
to the terms and conditions of the Altera Program License 
Subscription Agreement, Altera MegaCore Function License 
Agreement, or other applicable license agreement, including, 
without limitation, that your use is for the sole purpose of 
programming logic devices manufactured by Altera and sold by 
Altera or its authorized distributors.  Please refer to the 
applicable agreement for further details.



+--------------------------------------------------------------------------------------+
; Analysis & Synthesis Summary                                                         ;
+------------------------------------+-------------------------------------------------+
; Analysis & Synthesis Status        ; Successful - Tue Sep 15 08:43:11 2020           ;
; Quartus II 64-Bit Version          ; 13.0.1 Build 232 06/12/2013 SP 1 SJ Web Edition ;
; Revision Name                      ; sseg_keypad                                     ;
; Top-level Entity Name              ; sseg_keypad                                     ;
; Family                             ; Cyclone IV E                                    ;
; Total logic elements               ; 4,169                                           ;
;     Total combinational functions  ; 1,978                                           ;
;     Dedicated logic registers      ; 2,356                                           ;
; Total registers                    ; 2356                                            ;
; Total pins                         ; 21                                              ;
; Total virtual pins                 ; 0                                               ;
; Total memory bits                  ; 0                                               ;
; Embedded Multiplier 9-bit elements ; 0                                               ;
; Total PLLs                         ; 0                                               ;
+------------------------------------+-------------------------------------------------+


+----------------------------------------------------------------------------------------------------------------------+
; Analysis & Synthesis Settings                                                                                        ;
+----------------------------------------------------------------------------+--------------------+--------------------+
; Option                                                                     ; Setting            ; Default Value      ;
+----------------------------------------------------------------------------+--------------------+--------------------+
; Device                                                                     ; EP4CE22F17C6       ;                    ;
; Top-level entity name                                                      ; sseg_keypad        ; sseg_keypad        ;
; Family name                                                                ; Cyclone IV E       ; Cyclone IV GX      ;
; Use smart compilation                                                      ; Off                ; Off                ;
; Enable parallel Assembler and TimeQuest Timing Analyzer during compilation ; On                 ; On                 ;
; Enable compact report table                                                ; Off                ; Off                ;
; Restructure Multiplexers                                                   ; Auto               ; Auto               ;
; Create Debugging Nodes for IP Cores                                        ; Off                ; Off                ;
; Preserve fewer node names                                                  ; On                 ; On                 ;
; Disable OpenCore Plus hardware evaluation                                  ; Off                ; Off                ;
; Verilog Version                                                            ; Verilog_2001       ; Verilog_2001       ;
; VHDL Version                                                               ; VHDL_1993          ; VHDL_1993          ;
; State Machine Processing                                                   ; Auto               ; Auto               ;
; Safe State Machine                                                         ; Off                ; Off                ;
; Extract Verilog State Machines                                             ; On                 ; On                 ;
; Extract VHDL State Machines                                                ; On                 ; On                 ;
; Ignore Verilog initial constructs                                          ; Off                ; Off                ;
; Iteration limit for constant Verilog loops                                 ; 5000               ; 5000               ;
; Iteration limit for non-constant Verilog loops                             ; 250                ; 250                ;
; Add Pass-Through Logic to Inferred RAMs                                    ; On                 ; On                 ;
; Infer RAMs from Raw Logic                                                  ; On                 ; On                 ;
; Parallel Synthesis                                                         ; On                 ; On                 ;
; DSP Block Balancing                                                        ; Auto               ; Auto               ;
; NOT Gate Push-Back                                                         ; On                 ; On                 ;
; Power-Up Don't Care                                                        ; On                 ; On                 ;
; Remove Redundant Logic Cells                                               ; Off                ; Off                ;
; Remove Duplicate Registers                                                 ; On                 ; On                 ;
; Ignore CARRY Buffers                                                       ; Off                ; Off                ;
; Ignore CASCADE Buffers                                                     ; Off                ; Off                ;
; Ignore GLOBAL Buffers                                                      ; Off                ; Off                ;
; Ignore ROW GLOBAL Buffers                                                  ; Off                ; Off                ;
; Ignore LCELL Buffers                                                       ; Off                ; Off                ;
; Ignore SOFT Buffers                                                        ; On                 ; On                 ;
; Limit AHDL Integers to 32 Bits                                             ; Off                ; Off                ;
; Optimization Technique                                                     ; Balanced           ; Balanced           ;
; Carry Chain Length                                                         ; 70                 ; 70                 ;
; Auto Carry Chains                                                          ; On                 ; On                 ;
; Auto Open-Drain Pins                                                       ; On                 ; On                 ;
; Perform WYSIWYG Primitive Resynthesis                                      ; Off                ; Off                ;
; Auto ROM Replacement                                                       ; On                 ; On                 ;
; Auto RAM Replacement                                                       ; On                 ; On                 ;
; Auto DSP Block Replacement                                                 ; On                 ; On                 ;
; Auto Shift Register Replacement                                            ; Auto               ; Auto               ;
; Allow Shift Register Merging across Hierarchies                            ; Auto               ; Auto               ;
; Auto Clock Enable Replacement                                              ; On                 ; On                 ;
; Strict RAM Replacement                                                     ; Off                ; Off                ;
; Allow Synchronous Control Signals                                          ; On                 ; On                 ;
; Force Use of Synchronous Clear Signals                                     ; Off                ; Off                ;
; Auto RAM Block Balancing                                                   ; On                 ; On                 ;
; Auto RAM to Logic Cell Conversion                                          ; Off                ; Off                ;
; Auto Resource Sharing                                                      ; Off                ; Off                ;
; Allow Any RAM Size For Recognition                                         ; Off                ; Off                ;
; Allow Any ROM Size For Recognition                                         ; Off                ; Off                ;
; Allow Any Shift Register Size For Recognition                              ; Off                ; Off                ;
; Use LogicLock Constraints during Resource Balancing                        ; On                 ; On                 ;
; Ignore translate_off and synthesis_off directives                          ; Off                ; Off                ;
; Timing-Driven Synthesis                                                    ; On                 ; On                 ;
; Report Parameter Settings                                                  ; On                 ; On                 ;
; Report Source Assignments                                                  ; On                 ; On                 ;
; Report Connectivity Checks                                                 ; On                 ; On                 ;
; Ignore Maximum Fan-Out Assignments                                         ; Off                ; Off                ;
; Synchronization Register Chain Length                                      ; 2                  ; 2                  ;
; PowerPlay Power Optimization                                               ; Normal compilation ; Normal compilation ;
; HDL message level                                                          ; Level2             ; Level2             ;
; Suppress Register Optimization Related Messages                            ; Off                ; Off                ;
; Number of Removed Registers Reported in Synthesis Report                   ; 5000               ; 5000               ;
; Number of Swept Nodes Reported in Synthesis Report                         ; 5000               ; 5000               ;
; Number of Inverted Registers Reported in Synthesis Report                  ; 100                ; 100                ;
; Clock MUX Protection                                                       ; On                 ; On                 ;
; Auto Gated Clock Conversion                                                ; Off                ; Off                ;
; Block Design Naming                                                        ; Auto               ; Auto               ;
; SDC constraint protection                                                  ; Off                ; Off                ;
; Synthesis Effort                                                           ; Auto               ; Auto               ;
; Shift Register Replacement - Allow Asynchronous Clear Signal               ; On                 ; On                 ;
; Pre-Mapping Resynthesis Optimization                                       ; Off                ; Off                ;
; Analysis & Synthesis Message Level                                         ; Medium             ; Medium             ;
; Disable Register Merging Across Hierarchies                                ; Auto               ; Auto               ;
; Resource Aware Inference For Block RAM                                     ; On                 ; On                 ;
; Synthesis Seed                                                             ; 1                  ; 1                  ;
+----------------------------------------------------------------------------+--------------------+--------------------+


Parallel compilation was disabled, but you have multiple processors available. Enable parallel compilation to reduce compilation time.
+-------------------------------------+
; Parallel Compilation                ;
+----------------------------+--------+
; Processors                 ; Number ;
+----------------------------+--------+
; Number detected on machine ; 4      ;
; Maximum allowed            ; 1      ;
+----------------------------+--------+


+------------------------------------------------------------------------------------------------------------------------------------------------------------------------------------------------------+
; Analysis & Synthesis Source Files Read                                                                                                                                                               ;
+----------------------------------+-----------------+------------------------------+--------------------------------------------------------------------------------------------------------+---------+
; File Name with User-Entered Path ; Used in Netlist ; File Type                    ; File Name with Absolute Path                                                                           ; Library ;
+----------------------------------+-----------------+------------------------------+--------------------------------------------------------------------------------------------------------+---------+
; sseg_keypad.v                    ; yes             ; User Verilog HDL File        ; C:/Users/Cem/Documents/GitHub/CSE4117-Microprocessors-Workspace/Project3/sseg_keypad/sseg_keypad.v     ;         ;
; keypad_ex.v                      ; yes             ; User Verilog HDL File        ; C:/Users/Cem/Documents/GitHub/CSE4117-Microprocessors-Workspace/Project3/sseg_keypad/keypad_ex.v       ;         ;
; sevensegment.v                   ; yes             ; User Verilog HDL File        ; C:/Users/Cem/Documents/GitHub/CSE4117-Microprocessors-Workspace/Project3/sseg_keypad/sevensegment.v    ;         ;
; bird.v                           ; yes             ; User Verilog HDL File        ; C:/Users/Cem/Documents/GitHub/CSE4117-Microprocessors-Workspace/Project3/sseg_keypad/bird.v            ;         ;
; ram.dat                          ; yes             ; Auto-Found Unspecified File  ; C:/Users/Cem/Documents/GitHub/CSE4117-Microprocessors-Workspace/Project3/sseg_keypad/ram.dat           ;         ;
; register_data.dat                ; yes             ; Auto-Found Unspecified File  ; C:/Users/Cem/Documents/GitHub/CSE4117-Microprocessors-Workspace/Project3/sseg_keypad/register_data.dat ;         ;
+----------------------------------+-----------------+------------------------------+--------------------------------------------------------------------------------------------------------+---------+


+---------------------------------------------------------+
; Analysis & Synthesis Resource Usage Summary             ;
+---------------------------------------------+-----------+
; Resource                                    ; Usage     ;
+---------------------------------------------+-----------+
; Estimated Total logic elements              ; 4,169     ;
;                                             ;           ;
; Total combinational functions               ; 1978      ;
; Logic element usage by number of LUT inputs ;           ;
;     -- 4 input functions                    ; 1759      ;
;     -- 3 input functions                    ; 130       ;
;     -- <=2 input functions                  ; 89        ;
;                                             ;           ;
; Logic elements by mode                      ;           ;
;     -- normal mode                          ; 1924      ;
;     -- arithmetic mode                      ; 54        ;
;                                             ;           ;
; Total registers                             ; 2356      ;
;     -- Dedicated logic registers            ; 2356      ;
;     -- I/O registers                        ; 0         ;
;                                             ;           ;
; I/O pins                                    ; 21        ;
; Embedded Multiplier 9-bit elements          ; 0         ;
; Maximum fan-out node                        ; clk~input ;
; Maximum fan-out                             ; 2274      ;
; Total fan-out                               ; 14617     ;
; Average fan-out                             ; 3.34      ;
+---------------------------------------------+-----------+


+---------------------------------------------------------------------------------------------------------------------------------------------------------------------------------------+
; Analysis & Synthesis Resource Utilization by Entity                                                                                                                                   ;
+----------------------------+-------------------+--------------+-------------+--------------+---------+-----------+------+--------------+-------------------------------+--------------+
; Compilation Hierarchy Node ; LC Combinationals ; LC Registers ; Memory Bits ; DSP Elements ; DSP 9x9 ; DSP 18x18 ; Pins ; Virtual Pins ; Full Hierarchy Name           ; Library Name ;
+----------------------------+-------------------+--------------+-------------+--------------+---------+-----------+------+--------------+-------------------------------+--------------+
; |sseg_keypad               ; 1978 (1573)       ; 2356 (2064)  ; 0           ; 0            ; 0       ; 0         ; 21   ; 0            ; |sseg_keypad                  ; work         ;
;    |bird:br1|              ; 287 (287)         ; 172 (172)    ; 0           ; 0            ; 0       ; 0         ; 0    ; 0            ; |sseg_keypad|bird:br1         ; work         ;
;    |keypad:kp1|            ; 84 (84)           ; 99 (99)      ; 0           ; 0            ; 0       ; 0         ; 0    ; 0            ; |sseg_keypad|keypad:kp1       ; work         ;
;    |sevensegment:ss1|      ; 34 (34)           ; 21 (21)      ; 0           ; 0            ; 0       ; 0         ; 0    ; 0            ; |sseg_keypad|sevensegment:ss1 ; work         ;
+----------------------------+-------------------+--------------+-------------+--------------+---------+-----------+------+--------------+-------------------------------+--------------+
Note: For table entries with two numbers listed, the numbers in parentheses indicate the number of resources of the given type used by the specific entity alone. The numbers listed outside of parentheses indicate the total resources of the given type used by the specific entity and all of its sub-entities in the hierarchy.


+---------------------------------------------------------------------------------------------------+
; User-Specified and Inferred Latches                                                               ;
+----------------------------------------------------+---------------------+------------------------+
; Latch Name                                         ; Latch Enable Signal ; Free of Timing Hazards ;
+----------------------------------------------------+---------------------+------------------------+
; bird:br1|mem_wrt                                   ; bird:br1|WideOr2    ; yes                    ;
; Number of user-specified and inferred latches = 1  ;                     ;                        ;
+----------------------------------------------------+---------------------+------------------------+
Note: All latches listed above may not be present at the end of synthesis due to various synthesis optimizations.


+-------------------------------------------------------------------------+
; Registers Removed During Synthesis                                      ;
+----------------------------------------+--------------------------------+
; Register name                          ; Reason for Removal             ;
+----------------------------------------+--------------------------------+
; sevensegment:ss1|clk1[0]               ; Merged with keypad:kp1|clk1[0] ;
; keypad:kp1|clk1[16..25]                ; Lost fanout                    ;
; sevensegment:ss1|clk1[16..25]          ; Lost fanout                    ;
; Total Number of Removed Registers = 21 ;                                ;
+----------------------------------------+--------------------------------+


+------------------------------------------------------+
; General Register Statistics                          ;
+----------------------------------------------+-------+
; Statistic                                    ; Value ;
+----------------------------------------------+-------+
; Total registers                              ; 2356  ;
; Number of registers using Synchronous Clear  ; 0     ;
; Number of registers using Synchronous Load   ; 29    ;
; Number of registers using Asynchronous Clear ; 0     ;
; Number of registers using Asynchronous Load  ; 0     ;
; Number of registers using Clock Enable       ; 2255  ;
; Number of registers using Preset             ; 0     ;
+----------------------------------------------+-------+


+--------------------------------------------------+
; Inverted Register Statistics                     ;
+----------------------------------------+---------+
; Inverted Register                      ; Fan out ;
+----------------------------------------+---------+
; keypad:kp1|rowwrite[1]                 ; 6       ;
; keypad:kp1|rowwrite[2]                 ; 6       ;
; keypad:kp1|rowwrite[3]                 ; 6       ;
; sevensegment:ss1|grounds[1]            ; 2       ;
; sevensegment:ss1|grounds[2]            ; 2       ;
; sevensegment:ss1|grounds[3]            ; 2       ;
; Total number of inverted registers = 6 ;         ;
+----------------------------------------+---------+


+----------------------------------------------------------------------------------------------------------------------------------------------------+
; Multiplexer Restructuring Statistics (Restructuring Performed)                                                                                     ;
+--------------------+-----------+---------------+----------------------+------------------------+------------+--------------------------------------+
; Multiplexer Inputs ; Bus Width ; Baseline Area ; Area if Restructured ; Saving if Restructured ; Registered ; Example Multiplexer Output           ;
+--------------------+-----------+---------------+----------------------+------------------------+------------+--------------------------------------+
; 16:1               ; 2 bits    ; 20 LEs        ; 10 LEs               ; 10 LEs                 ; Yes        ; |sseg_keypad|bird:br1|state[3]       ;
; 9:1                ; 15 bits   ; 90 LEs        ; 75 LEs               ; 15 LEs                 ; Yes        ; |sseg_keypad|bird:br1|data_out[9]    ;
; 16:1               ; 15 bits   ; 150 LEs       ; 15 LEs               ; 135 LEs                ; Yes        ; |sseg_keypad|bird:br1|regbank[6][2]  ;
; 16:1               ; 16 bits   ; 160 LEs       ; 16 LEs               ; 144 LEs                ; Yes        ; |sseg_keypad|bird:br1|regbank[5][9]  ;
; 16:1               ; 16 bits   ; 160 LEs       ; 16 LEs               ; 144 LEs                ; Yes        ; |sseg_keypad|bird:br1|regbank[4][4]  ;
; 16:1               ; 16 bits   ; 160 LEs       ; 16 LEs               ; 144 LEs                ; Yes        ; |sseg_keypad|bird:br1|regbank[3][9]  ;
; 16:1               ; 16 bits   ; 160 LEs       ; 16 LEs               ; 144 LEs                ; Yes        ; |sseg_keypad|bird:br1|regbank[2][13] ;
; 16:1               ; 16 bits   ; 160 LEs       ; 16 LEs               ; 144 LEs                ; Yes        ; |sseg_keypad|bird:br1|regbank[1][15] ;
; 16:1               ; 16 bits   ; 160 LEs       ; 16 LEs               ; 144 LEs                ; Yes        ; |sseg_keypad|bird:br1|regbank[0][3]  ;
; 8:1                ; 12 bits   ; 60 LEs        ; 12 LEs               ; 48 LEs                 ; Yes        ; |sseg_keypad|bird:br1|pc[1]          ;
; 11:1               ; 4 bits    ; 28 LEs        ; 8 LEs                ; 20 LEs                 ; Yes        ; |sseg_keypad|bird:br1|regbank[7][12] ;
; 11:1               ; 12 bits   ; 84 LEs        ; 24 LEs               ; 60 LEs                 ; Yes        ; |sseg_keypad|bird:br1|regbank[7][10] ;
; 4:1                ; 4 bits    ; 8 LEs         ; 8 LEs                ; 0 LEs                  ; No         ; |sseg_keypad|sevensegment:ss1|Mux0   ;
; 4:1                ; 12 bits   ; 24 LEs        ; 12 LEs               ; 12 LEs                 ; No         ; |sseg_keypad|bird:br1|Add0           ;
; 4:1                ; 3 bits    ; 6 LEs         ; 6 LEs                ; 0 LEs                  ; No         ; |sseg_keypad|data_in[1]              ;
; 14:1               ; 11 bits   ; 99 LEs        ; 66 LEs               ; 33 LEs                 ; No         ; |sseg_keypad|bird:br1|Mux171         ;
; 3:1                ; 12 bits   ; 24 LEs        ; 0 LEs                ; 24 LEs                 ; No         ; |sseg_keypad|bird:br1|Add0           ;
+--------------------+-----------+---------------+----------------------+------------------------+------------+--------------------------------------+


+----------------------------------------------------------------------------------------------------------------------------------------------------------+
; Port Connectivity Checks: "keypad:kp1"                                                                                                                   ;
+--------+--------+----------+-----------------------------------------------------------------------------------------------------------------------------+
; Port   ; Type   ; Severity ; Details                                                                                                                     ;
+--------+--------+----------+-----------------------------------------------------------------------------------------------------------------------------+
; keyout ; Output ; Warning  ; Output or bidir port (16 bits) is wider than the port expression (4 bits) it drives; bit(s) "keyout[15..4]" have no fanouts ;
+--------+--------+----------+-----------------------------------------------------------------------------------------------------------------------------+


+-------------------------------+
; Elapsed Time Per Partition    ;
+----------------+--------------+
; Partition Name ; Elapsed Time ;
+----------------+--------------+
; Top            ; 00:00:07     ;
+----------------+--------------+


+-------------------------------+
; Analysis & Synthesis Messages ;
+-------------------------------+
Info: *******************************************************************
Info: Running Quartus II 64-Bit Analysis & Synthesis
    Info: Version 13.0.1 Build 232 06/12/2013 Service Pack 1 SJ Web Edition
    Info: Processing started: Tue Sep 15 08:43:02 2020
Info: Command: quartus_map --read_settings_files=on --write_settings_files=off sseg_keypad -c sseg_keypad
Warning (20028): Parallel compilation is not licensed and has been disabled
Info (12021): Found 1 design units, including 1 entities, in source file sseg_keypad.v
    Info (12023): Found entity 1: sseg_keypad
Info (12021): Found 1 design units, including 1 entities, in source file keypad_ex.v
    Info (12023): Found entity 1: keypad
Info (12021): Found 1 design units, including 1 entities, in source file sevensegment.v
    Info (12023): Found entity 1: sevensegment
Info (12021): Found 1 design units, including 1 entities, in source file bird.v
    Info (12023): Found entity 1: bird
Warning (10236): Verilog HDL Implicit Net warning at bird.v(159): created implicit net for "aluin1"
Warning (10236): Verilog HDL Implicit Net warning at bird.v(160): created implicit net for "aluin2"
Info (12127): Elaborating entity "sseg_keypad" for the top level hierarchy
Warning (10850): Verilog HDL warning at sseg_keypad.v(81): number of words (511) in memory file does not match the number of elements in the address range [0:127]
Info (12128): Elaborating entity "sevensegment" for hierarchy "sevensegment:ss1"
Warning (10230): Verilog HDL assignment warning at sevensegment.v(15): truncated value with size 32 to match size of target (2)
Warning (10230): Verilog HDL assignment warning at sevensegment.v(19): truncated value with size 32 to match size of target (26)
Info (12128): Elaborating entity "keypad" for hierarchy "keypad:kp1"
Warning (10230): Verilog HDL assignment warning at keypad_ex.v(19): truncated value with size 32 to match size of target (26)
Info (12128): Elaborating entity "bird" for hierarchy "bird:br1"
Warning (10230): Verilog HDL assignment warning at bird.v(32): truncated value with size 32 to match size of target (12)
Warning (10230): Verilog HDL assignment warning at bird.v(37): truncated value with size 32 to match size of target (12)
Warning (10230): Verilog HDL assignment warning at bird.v(59): truncated value with size 32 to match size of target (16)
Warning (10230): Verilog HDL assignment warning at bird.v(63): truncated value with size 32 to match size of target (16)
Warning (10230): Verilog HDL assignment warning at bird.v(72): truncated value with size 32 to match size of target (16)
Warning (10230): Verilog HDL assignment warning at bird.v(76): truncated value with size 32 to match size of target (16)
Warning (10230): Verilog HDL assignment warning at bird.v(80): truncated value with size 16 to match size of target (12)
Warning (10230): Verilog HDL assignment warning at bird.v(113): truncated value with size 16 to match size of target (12)
Warning (10230): Verilog HDL assignment warning at bird.v(118): truncated value with size 16 to match size of target (12)
Warning (10230): Verilog HDL assignment warning at bird.v(122): truncated value with size 16 to match size of target (12)
Warning (10230): Verilog HDL assignment warning at bird.v(127): truncated value with size 16 to match size of target (12)
Warning (10240): Verilog HDL Always Construct warning at bird.v(102): inferring latch(es) for variable "mem_wrt", which holds its previous value in one or more paths through the always construct
Warning (10230): Verilog HDL assignment warning at bird.v(159): truncated value with size 16 to match size of target (1)
Warning (10230): Verilog HDL assignment warning at bird.v(160): truncated value with size 16 to match size of target (1)
Info (10041): Inferred latch for "mem_wrt" at bird.v(102)
Info (276014): Found 1 instances of uninferred RAM logic
    Info (276007): RAM logic "memory" is uninferred due to asynchronous read logic
Warning (12241): 1 hierarchies have connectivity warnings - see the Connectivity Checks report folder
Warning (13012): Latch bird:br1|mem_wrt has unsafe behavior
    Warning (13013): Ports D and ENA on the latch are fed by the same signal bird:br1|state[0]
Info (286030): Timing-Driven Synthesis is running
Info (17049): 20 registers lost all their fanouts during netlist optimizations.
Info (16010): Generating hard_block partition "hard_block:auto_generated_inst"
    Info (16011): Adding 0 node(s), including 0 DDIO, 0 PLL, 0 transceiver and 0 LCELL
Warning (21074): Design contains 1 input pin(s) that do not drive logic
    Warning (15610): No output dependent on input pin "pushbutton"
Info (21057): Implemented 4220 device resources after synthesis - the final resource count might be different
    Info (21058): Implemented 6 input pins
    Info (21059): Implemented 15 output pins
    Info (21061): Implemented 4199 logic cells
Info: Quartus II 64-Bit Analysis & Synthesis was successful. 0 errors, 26 warnings
    Info: Peak virtual memory: 4607 megabytes
    Info: Processing ended: Tue Sep 15 08:43:11 2020
    Info: Elapsed time: 00:00:09
    Info: Total CPU time (on all processors): 00:00:08


