------------------------------------------------------------
TimeQuest Timing Analyzer Summary
------------------------------------------------------------

Type  : Slow 1200mV 85C Model Setup 'clk'
Slack : -2.024
TNS   : -87.951

Type  : Slow 1200mV 85C Model Setup 'keypad_ex:kp1|clk1[15]'
Slack : -1.225
TNS   : -28.028

Type  : Slow 1200mV 85C Model Setup 'sevensegment:ss1|clk1[15]'
Slack : 0.186
TNS   : 0.000

Type  : Slow 1200mV 85C Model Hold 'clk'
Slack : -0.099
TNS   : -0.099

Type  : Slow 1200mV 85C Model Hold 'sevensegment:ss1|clk1[15]'
Slack : 0.358
TNS   : 0.000

Type  : Slow 1200mV 85C Model Hold 'keypad_ex:kp1|clk1[15]'
Slack : 0.379
TNS   : 0.000

Type  : Slow 1200mV 85C Model Minimum Pulse Width 'clk'
Slack : -3.000
TNS   : -79.000

Type  : Slow 1200mV 85C Model Minimum Pulse Width 'keypad_ex:kp1|clk1[15]'
Slack : -1.000
TNS   : -76.000

Type  : Slow 1200mV 85C Model Minimum Pulse Width 'sevensegment:ss1|clk1[15]'
Slack : -1.000
TNS   : -6.000

Type  : Slow 1200mV 0C Model Setup 'clk'
Slack : -1.653
TNS   : -70.826

Type  : Slow 1200mV 0C Model Setup 'keypad_ex:kp1|clk1[15]'
Slack : -0.985
TNS   : -21.727

Type  : Slow 1200mV 0C Model Setup 'sevensegment:ss1|clk1[15]'
Slack : 0.269
TNS   : 0.000

Type  : Slow 1200mV 0C Model Hold 'clk'
Slack : -0.053
TNS   : -0.053

Type  : Slow 1200mV 0C Model Hold 'sevensegment:ss1|clk1[15]'
Slack : 0.312
TNS   : 0.000

Type  : Slow 1200mV 0C Model Hold 'keypad_ex:kp1|clk1[15]'
Slack : 0.344
TNS   : 0.000

Type  : Slow 1200mV 0C Model Minimum Pulse Width 'clk'
Slack : -3.000
TNS   : -79.000

Type  : Slow 1200mV 0C Model Minimum Pulse Width 'keypad_ex:kp1|clk1[15]'
Slack : -1.000
TNS   : -76.000

Type  : Slow 1200mV 0C Model Minimum Pulse Width 'sevensegment:ss1|clk1[15]'
Slack : -1.000
TNS   : -6.000

Type  : Fast 1200mV 0C Model Setup 'clk'
Slack : -0.723
TNS   : -20.217

Type  : Fast 1200mV 0C Model Setup 'keypad_ex:kp1|clk1[15]'
Slack : -0.252
TNS   : -3.901

Type  : Fast 1200mV 0C Model Setup 'sevensegment:ss1|clk1[15]'
Slack : 0.548
TNS   : 0.000

Type  : Fast 1200mV 0C Model Hold 'clk'
Slack : -0.058
TNS   : -0.058

Type  : Fast 1200mV 0C Model Hold 'sevensegment:ss1|clk1[15]'
Slack : 0.188
TNS   : 0.000

Type  : Fast 1200mV 0C Model Hold 'keypad_ex:kp1|clk1[15]'
Slack : 0.197
TNS   : 0.000

Type  : Fast 1200mV 0C Model Minimum Pulse Width 'clk'
Slack : -3.000
TNS   : -83.321

Type  : Fast 1200mV 0C Model Minimum Pulse Width 'keypad_ex:kp1|clk1[15]'
Slack : -1.000
TNS   : -76.000

Type  : Fast 1200mV 0C Model Minimum Pulse Width 'sevensegment:ss1|clk1[15]'
Slack : -1.000
TNS   : -6.000

------------------------------------------------------------
